// Jest Snapshot v1, https://goo.gl/fbAQLP

exports[`GeolocationButton snapshot renders 1`] = `
<div
  className="geolocation-wrapper"
>
  <p
    className="geolocation-text"
  >
    Weather here
  </p>
  <form
    onSubmit={[Function]}
  >
    <input
      type="submit"
      value="Get location"
    />
  </form>
</div>
`;
